# a

## Description

TABLE A

## Columns

| Name | Type | Default | Nullable | Children | Parents | Comment |
| ---- | ---- | ------- | -------- | -------- | ------- | ------- |
| a |  |  | false |  | [b](b.md) | COLUMN A |
| a2 |  |  | false |  |  | column a2 |

---

> Generated by [tbls](https://github.com/Melsoft-Games/tbls)
